../Core/Src/main.c:71:5:main	8	static
../Core/Src/main.c:123:6:SystemClock_Config	120	static
../Core/Src/main.c:183:13:MX_TIM2_Init	64	static
../Core/Src/main.c:242:13:MX_USART1_UART_Init	8	static
../Core/Src/main.c:290:13:MX_GPIO_Init	40	static
../Core/Src/main.c:356:9:get_channel_id	16	static
../Core/Src/main.c:375:10:micros64	40	static
../Core/Src/main.c:389:6:HAL_TIM_PeriodElapsedCallback	24	static
../Core/Src/main.c:396:6:HAL_GPIO_EXTI_Callback	56	static
../Core/Src/main.c:436:6:MPU_Config	24	static
../Core/Src/main.c:467:6:Error_Handler	4	static,ignoring_inline_asm
