../Core/Src/main.c:142:5:main	16	static
../Core/Src/main.c:243:6:SystemClock_Config	120	static
../Core/Src/main.c:303:13:MX_TIM2_Init	56	static
../Core/Src/main.c:373:13:MX_USART3_UART_Init	8	static
../Core/Src/main.c:419:13:MX_DMA_Init	16	static
../Core/Src/main.c:449:13:MX_GPIO_Init	24	static
../Core/Src/main.c:468:6:HAL_TIM_IC_CaptureCallback	16	static
../Core/Src/main.c:493:6:Print_IC_Buffer	32	static
../Core/Src/main.c:501:6:Process_Falling_Buffer	24	static
../Core/Src/main.c:521:6:Process_Rising_Buffer	40	static
../Core/Src/main.c:561:6:HAL_TIM_PeriodElapsedCallback	16	static
../Core/Src/main.c:568:1:__io_putchar	16	static
../Core/Src/main.c:578:6:MPU_Config	24	static
../Core/Src/main.c:609:6:Error_Handler	4	static,ignoring_inline_asm
